// Vitest Snapshot v1, https://vitest.dev/guide/snapshot.html

exports[`Image view component > renders an image and a canvas overlay 1`] = `
<DocumentFragment>
  <div
    style="position: relative;"
  >
    <canvas
      data-testid="overlay"
      height="200"
      style="position: absolute; z-index: 2; pointer-events: none;"
      width="300"
    />
    <div
      style="display: inline-block; overflow: hidden;"
    >
      <img
        alt="Test image"
        src="testSrc"
        style="transform: translate(0px,0px) scale(1); transform-origin: top left; image-rendering: pixelated;"
      />
    </div>
  </div>
</DocumentFragment>
`;
