// Vitest Snapshot v1, https://vitest.dev/guide/snapshot.html

exports[`Preloader component > does not render when the site is not loading 1`] = `
<DocumentFragment>
  <div>
    <div>
      Test
    </div>
  </div>
</DocumentFragment>
`;

exports[`Preloader component > renders when the site is loading 1`] = `
<DocumentFragment>
  <div>
    <div
      class="MuiBox-root css-1axvgr5"
    >
      <div
        style="box-sizing: border-box; padding: 10px 0px;"
      >
        <div
          class="MuiBox-root css-i7r3q1"
        >
          <i
            class="css-1tf6jgt"
          />
          <i
            class="css-18ek20h"
          />
          <i
            class="css-xyx6js"
          />
          <i
            class="css-vbspw4"
          />
          <i
            class="css-1yp6vrb"
          />
        </div>
      </div>
      <div
        class="MuiBox-root css-1jolfkj"
      >
        Loading...
      </div>
    </div>
  </div>
</DocumentFragment>
`;
