// Jest Snapshot v1, https://goo.gl/fbAQLP

exports[`FunctionsDialog renders functions dialog when dialog is open 1`] = `
<body
  style="padding-right: 1024px; overflow: hidden;"
>
  <div
    aria-hidden="true"
  />
  <div
    class="MuiDialog-root MuiModal-root css-zw3mfo-MuiModal-root-MuiDialog-root"
    role="presentation"
  >
    <div
      aria-hidden="true"
      class="MuiBackdrop-root MuiModal-backdrop css-yiavyu-MuiBackdrop-root-MuiDialog-backdrop"
      style="opacity: 1; webkit-transition: opacity 225ms cubic-bezier(0.4, 0, 0.2, 1) 0ms; transition: opacity 225ms cubic-bezier(0.4, 0, 0.2, 1) 0ms;"
    />
    <div
      data-testid="sentinelStart"
      tabindex="0"
    />
    <div
      class="MuiDialog-container MuiDialog-scrollPaper css-hz1bth-MuiDialog-container"
      role="presentation"
      style="opacity: 1; webkit-transition: opacity 225ms cubic-bezier(0.4, 0, 0.2, 1) 0ms; transition: opacity 225ms cubic-bezier(0.4, 0, 0.2, 1) 0ms;"
      tabindex="-1"
    >
      <div
        aria-labelledby=":r0:"
        class="MuiPaper-root MuiPaper-elevation MuiPaper-rounded MuiPaper-elevation24 MuiDialog-paper MuiDialog-paperScrollPaper MuiDialog-paperWidthLg MuiDialog-paperFullWidth css-cyxlny-MuiPaper-root-MuiDialog-paper"
        role="dialog"
      >
        <h2
          class="MuiTypography-root MuiTypography-h6 MuiDialogTitle-root css-bdhsul-MuiTypography-root-MuiDialogTitle-root"
          id=":r0:"
        >
          Functions
        </h2>
        <div
          class="MuiDialogContent-root css-ypiqx9-MuiDialogContent-root"
        >
          <div
            class="MuiGrid-root MuiGrid-container css-o1xwpy-MuiGrid-root"
          >
            <div
              class="MuiGrid-root MuiGrid-container MuiGrid-item MuiGrid-grid-xs-true css-1y6gt5w-MuiGrid-root"
            >
              <h3
                class="MuiTypography-root MuiTypography-body1 MuiTypography-gutterBottom css-fqento-MuiTypography-root"
              >
                Enter function
              </h3>
              <div
                class="MuiGrid-root MuiGrid-container MuiGrid-item css-1f064cs-MuiGrid-root"
              >
                <div
                  class="MuiGrid-root MuiGrid-item MuiGrid-grid-xs-true css-1vd824g-MuiGrid-root"
                >
                  <div
                    class="MuiGrid-root MuiGrid-container MuiGrid-spacing-xs-1 css-a5rdam-MuiGrid-root"
                  >
                    <div
                      class="MuiGrid-root MuiGrid-item MuiGrid-grid-xs-6 css-1osj8n2-MuiGrid-root"
                    >
                      <div
                        class="MuiFormControl-root MuiFormControl-fullWidth MuiTextField-root css-wb57ya-MuiFormControl-root-MuiTextField-root"
                      >
                        <label
                          class="MuiFormLabel-root MuiInputLabel-root MuiInputLabel-formControl MuiInputLabel-animated MuiInputLabel-sizeSmall MuiInputLabel-outlined MuiFormLabel-colorPrimary MuiInputLabel-root MuiInputLabel-formControl MuiInputLabel-animated MuiInputLabel-sizeSmall MuiInputLabel-outlined css-1pysi21-MuiFormLabel-root-MuiInputLabel-root"
                          data-shrink="false"
                          for=":r1:"
                          id=":r1:-label"
                        >
                          Name
                        </label>
                        <div
                          class="MuiInputBase-root MuiOutlinedInput-root MuiInputBase-colorPrimary MuiInputBase-fullWidth MuiInputBase-formControl MuiInputBase-sizeSmall css-md26zr-MuiInputBase-root-MuiOutlinedInput-root"
                        >
                          <input
                            aria-invalid="false"
                            class="MuiInputBase-input MuiOutlinedInput-input MuiInputBase-inputSizeSmall css-1n4twyu-MuiInputBase-input-MuiOutlinedInput-input"
                            id=":r1:"
                            type="text"
                            value=""
                          />
                          <fieldset
                            aria-hidden="true"
                            class="MuiOutlinedInput-notchedOutline css-1d3z3hw-MuiOutlinedInput-notchedOutline"
                          >
                            <legend
                              class="css-yjsfm1"
                            >
                              <span>
                                Name
                              </span>
                            </legend>
                          </fieldset>
                        </div>
                      </div>
                    </div>
                    <div
                      class="MuiGrid-root MuiGrid-item MuiGrid-grid-xs-6 css-1osj8n2-MuiGrid-root"
                    >
                      <div
                        class="MuiAutocomplete-root MuiAutocomplete-fullWidth css-f34qqq-MuiAutocomplete-root"
                      >
                        <div
                          class="MuiFormControl-root MuiFormControl-fullWidth MuiTextField-root css-wb57ya-MuiFormControl-root-MuiTextField-root"
                        >
                          <label
                            class="MuiFormLabel-root MuiInputLabel-root MuiInputLabel-formControl MuiInputLabel-animated MuiInputLabel-shrink MuiInputLabel-sizeSmall MuiInputLabel-outlined MuiFormLabel-colorPrimary MuiInputLabel-root MuiInputLabel-formControl MuiInputLabel-animated MuiInputLabel-shrink MuiInputLabel-sizeSmall MuiInputLabel-outlined css-1jy569b-MuiFormLabel-root-MuiInputLabel-root"
                            data-shrink="true"
                            for=":r2:"
                            id=":r2:-label"
                          >
                            Expression
                          </label>
                          <div
                            class="MuiInputBase-root MuiOutlinedInput-root MuiInputBase-colorPrimary MuiInputBase-fullWidth MuiInputBase-formControl MuiInputBase-sizeSmall MuiInputBase-adornedStart MuiInputBase-adornedEnd MuiAutocomplete-inputRoot css-1gywuxd-MuiInputBase-root-MuiOutlinedInput-root"
                            data-id="Input"
                          >
                            <input
                              aria-autocomplete="list"
                              aria-expanded="false"
                              aria-invalid="false"
                              autocapitalize="none"
                              autocomplete="off"
                              class="MuiInputBase-input MuiOutlinedInput-input MuiInputBase-inputSizeSmall MuiInputBase-inputAdornedStart MuiInputBase-inputAdornedEnd MuiAutocomplete-input MuiAutocomplete-inputFocused css-12yjm75-MuiInputBase-input-MuiOutlinedInput-input"
                              id=":r2:"
                              role="combobox"
                              spellcheck="false"
                              type="text"
                              value=""
                            />
                            <fieldset
                              aria-hidden="true"
                              class="MuiOutlinedInput-notchedOutline css-1d3z3hw-MuiOutlinedInput-notchedOutline"
                            >
                              <legend
                                class="css-14lo706"
                              >
                                <span>
                                  Expression
                                </span>
                              </legend>
                            </fieldset>
                          </div>
                        </div>
                      </div>
                    </div>
                  </div>
                </div>
                <div
                  class="MuiGrid-root MuiGrid-item MuiGrid-grid-xs-0.6 css-4qffp2-MuiGrid-root"
                >
                  <button
                    aria-label="Delete function"
                    class="MuiButtonBase-root MuiIconButton-root MuiIconButton-sizeSmall css-1pe4mpk-MuiButtonBase-root-MuiIconButton-root"
                    tabindex="0"
                    type="button"
                  >
                    <svg
                      aria-hidden="true"
                      class="MuiSvgIcon-root MuiSvgIcon-fontSizeMedium css-i4bv87-MuiSvgIcon-root"
                      data-testid="DeleteIcon"
                      focusable="false"
                      viewBox="0 0 24 24"
                    >
                      <path
                        d="M6 19c0 1.1.9 2 2 2h8c1.1 0 2-.9 2-2V7H6zM19 4h-3.5l-1-1h-5l-1 1H5v2h14z"
                      />
                    </svg>
                    <span
                      class="MuiTouchRipple-root css-8je8zh-MuiTouchRipple-root"
                    />
                  </button>
                </div>
              </div>
              <div
                class="MuiGrid-root MuiGrid-item css-13i4rnv-MuiGrid-root"
              >
                <button
                  class="MuiButtonBase-root MuiButton-root MuiButton-outlined MuiButton-outlinedPrimary MuiButton-sizeSmall MuiButton-outlinedSizeSmall MuiButton-root MuiButton-outlined MuiButton-outlinedPrimary MuiButton-sizeSmall MuiButton-outlinedSizeSmall css-1k23hlb-MuiButtonBase-root-MuiButton-root"
                  tabindex="0"
                  type="button"
                >
                  <span
                    class="MuiButton-startIcon MuiButton-iconSizeSmall css-y6rp3m-MuiButton-startIcon"
                  >
                    <svg
                      aria-hidden="true"
                      class="MuiSvgIcon-root MuiSvgIcon-fontSizeMedium css-i4bv87-MuiSvgIcon-root"
                      data-testid="AddCircleIcon"
                      focusable="false"
                      viewBox="0 0 24 24"
                    >
                      <path
                        d="M12 2C6.48 2 2 6.48 2 12s4.48 10 10 10 10-4.48 10-10S17.52 2 12 2m5 11h-4v4h-2v-4H7v-2h4V7h2v4h4z"
                      />
                    </svg>
                  </span>
                  Add new function
                  <span
                    class="MuiTouchRipple-root css-8je8zh-MuiTouchRipple-root"
                  />
                </button>
              </div>
            </div>
            <hr
              class="MuiDivider-root MuiDivider-fullWidth MuiDivider-vertical MuiDivider-flexItem css-1tk1bks-MuiDivider-root"
            />
            <div
              class="MuiGrid-root MuiGrid-item MuiGrid-grid-xs-true css-1vd824g-MuiGrid-root"
            >
              <h3
                class="MuiTypography-root MuiTypography-body1 MuiTypography-gutterBottom css-um3j9i-MuiTypography-root"
              >
                Functions help
              </h3>
              <p
                class="MuiTypography-root MuiTypography-body2 MuiTypography-gutterBottom css-ejgmvm-MuiTypography-root"
              >
                In the box, start typing data channel names, numbers, mathematical functions, mathematical symbols such as 
                +
                 and 
                integrate
                . The Wizard will suggest suitable options and indicate using a grey box when each item has been recognised.
              </p>
              <h3
                class="MuiTypography-root MuiTypography-body1 MuiTypography-gutterBottom css-um3j9i-MuiTypography-root"
              >
                Functions and operators included 
              </h3>
              <div
                class="MuiPaper-root MuiPaper-elevation MuiPaper-rounded MuiPaper-elevation1 MuiTableContainer-root css-11xur9t-MuiPaper-root-MuiTableContainer-root"
              >
                <table
                  class="MuiTable-root css-rqglhn-MuiTable-root"
                >
                  <tbody
                    class="MuiTableBody-root css-apqrd9-MuiTableBody-root"
                  >
                    <tr
                      class="MuiTableRow-root css-1q1u3t4-MuiTableRow-root"
                    >
                      <td
                        class="MuiTableCell-root MuiTableCell-body MuiTableCell-sizeMedium css-1ex1afd-MuiTableCell-root"
                      >
                        Mathematical Symbols
                      </td>
                      <td
                        class="MuiTableCell-root MuiTableCell-body MuiTableCell-sizeMedium css-1ex1afd-MuiTableCell-root"
                      >
                        <div
                          class="MuiBox-root css-k008qs"
                        >
                          <p
                            class="MuiTypography-root MuiTypography-body1 css-o8r201-MuiTypography-root"
                          >
                            +
                          </p>
                          <p
                            class="MuiTypography-root MuiTypography-body1 css-o8r201-MuiTypography-root"
                          >
                            -
                          </p>
                          <p
                            class="MuiTypography-root MuiTypography-body1 css-o8r201-MuiTypography-root"
                          >
                            *
                          </p>
                          <p
                            class="MuiTypography-root MuiTypography-body1 css-o8r201-MuiTypography-root"
                          >
                            /
                          </p>
                          <p
                            class="MuiTypography-root MuiTypography-body1 css-o8r201-MuiTypography-root"
                          >
                            **
                          </p>
                          <p
                            class="MuiTypography-root MuiTypography-body1 css-o8r201-MuiTypography-root"
                          >
                            (
                          </p>
                          <p
                            class="MuiTypography-root MuiTypography-body1 css-o8r201-MuiTypography-root"
                          >
                            )
                          </p>
                        </div>
                      </td>
                    </tr>
                    <tr
                      class="MuiTableRow-root css-1q1u3t4-MuiTableRow-root"
                    >
                      <td
                        class="MuiTableCell-root MuiTableCell-body MuiTableCell-sizeMedium css-1ex1afd-MuiTableCell-root"
                      >
                        Statistical Functions
                      </td>
                      <td
                        class="MuiTableCell-root MuiTableCell-body MuiTableCell-sizeMedium css-1ex1afd-MuiTableCell-root"
                      >
                        <div
                          class="MuiBox-root css-k008qs"
                        >
                          <p
                            aria-label="Calculate the mean of a trace (using the y variable) or image input. No effect on a scalar input. Implementation: https://numpy.org/doc/stable/reference/generated/numpy.mean.html"
                            class="MuiTypography-root MuiTypography-body1 css-o8r201-MuiTypography-root"
                            data-mui-internal-clone-element="true"
                          >
                            mean
                          </p>
                          <p
                            aria-label="Calculate the maximum value in a trace (using the y variable) or image input. No effect on a scalar input. Implementation: https://numpy.org/doc/stable/reference/generated/numpy.max.html"
                            class="MuiTypography-root MuiTypography-body1 css-o8r201-MuiTypography-root"
                            data-mui-internal-clone-element="true"
                          >
                            max
                          </p>
                          <p
                            aria-label="Calculate the minimum value in a trace (using the y variable) or image input. No effect on a scalar input. Implementation: https://numpy.org/doc/stable/reference/generated/numpy.min.html"
                            class="MuiTypography-root MuiTypography-body1 css-o8r201-MuiTypography-root"
                            data-mui-internal-clone-element="true"
                          >
                            min
                          </p>
                        </div>
                      </td>
                    </tr>
                    <tr
                      class="MuiTableRow-root css-1q1u3t4-MuiTableRow-root"
                    >
                      <td
                        class="MuiTableCell-root MuiTableCell-body MuiTableCell-sizeMedium css-1ex1afd-MuiTableCell-root"
                      >
                        Exponential And Logarithmic Functions
                      </td>
                      <td
                        class="MuiTableCell-root MuiTableCell-body MuiTableCell-sizeMedium css-1ex1afd-MuiTableCell-root"
                      >
                        <div
                          class="MuiBox-root css-k008qs"
                        >
                          <p
                            aria-label="Raise \`e\` to the power of the input argument (element-wise if a trace or image is provided). Implementation: https://numpy.org/doc/stable/reference/generated/numpy.exp.html"
                            class="MuiTypography-root MuiTypography-body1 css-o8r201-MuiTypography-root"
                            data-mui-internal-clone-element="true"
                          >
                            exp
                          </p>
                          <p
                            aria-label="Calculate the logarithm in base \`e\` of the input argument (element-wise if a trace or image is provided). Implementation:https://numpy.org/doc/stable/reference/generated/numpy.log.html"
                            class="MuiTypography-root MuiTypography-body1 css-o8r201-MuiTypography-root"
                            data-mui-internal-clone-element="true"
                          >
                            log
                          </p>
                        </div>
                      </td>
                    </tr>
                    <tr
                      class="MuiTableRow-root css-1q1u3t4-MuiTableRow-root"
                    >
                      <td
                        class="MuiTableCell-root MuiTableCell-body MuiTableCell-sizeMedium css-1ex1afd-MuiTableCell-root"
                      >
                        Waveform Analysis
                      </td>
                      <td
                        class="MuiTableCell-root MuiTableCell-body MuiTableCell-sizeMedium css-1ex1afd-MuiTableCell-root"
                      >
                        <div
                          class="MuiBox-root css-k008qs"
                        >
                          <p
                            aria-label="Calculate the background of a waveform or image. Errors if scalar provided. Implementation (waveform): First, applies smoothing by taking weighted nearest and next-nearest neighbour contributions to y values whose difference from their neighbours is more than 0.2 times the total range in y. The first 25 and last 25 y values in the signal are averaged to give an estimate of the background.Implementation (image): The average pixel value in the 10 by 10 region in the top left of the image is returned."
                            class="MuiTypography-root MuiTypography-body1 css-o8r201-MuiTypography-root"
                            data-mui-internal-clone-element="true"
                          >
                            background
                          </p>
                          <p
                            aria-label="Calculate the centre of a waveform. Errors if image or scalar provided. Implementation: First, applies smoothing by taking weighted nearest and next-nearest neighbour contributions to  y values whose difference from their neighbours is more than 0.2 times the total range in y. The maximum y value is then identified along with the x positions bounding the FWHM, and x value at the centre of this region is returned. Note this will not be the same as the x value of the maximum, unless the data is symmetric."
                            class="MuiTypography-root MuiTypography-body1 css-o8r201-MuiTypography-root"
                            data-mui-internal-clone-element="true"
                          >
                            centre
                          </p>
                          <p
                            aria-label="Calculate the falling edge of a waveform. Errors if image or scalar provided. Implementation: First, applies smoothing by taking weighted nearest and next-nearest neighbour contributions to  y values whose difference from their neighbours is more than 0.2 times the total range in y. The maximum y value is then identified along with the x positions bounding the FWHM and the upper x value is returned."
                            class="MuiTypography-root MuiTypography-body1 css-o8r201-MuiTypography-root"
                            data-mui-internal-clone-element="true"
                          >
                            falling
                          </p>
                          <p
                            aria-label="Calculate the FWHM of a waveform. Errors if image or scalar provided. Implementation: First, applies smoothing by taking weighted nearest and next-nearest neighbour contributions to  y values whose difference from their neighbours is more than 0.2 times the total range in y. The maximum y value is then identified along with the x positions bounding the FWHM and the difference in x value is returned."
                            class="MuiTypography-root MuiTypography-body1 css-o8r201-MuiTypography-root"
                            data-mui-internal-clone-element="true"
                          >
                            fwhm
                          </p>
                          <p
                            aria-label="Integrate a waveform or image. Errors if scalar provided. Implementation (waveform): First, applies smoothing by taking weighted nearest and next-nearest neighbour contributions to y values whose difference from their neighbours is more than 0.2 times the total range in y. The y values are then integrated with respect to x, with the last y value neglected.Implementation (image): Return the sum of all pixel values."
                            class="MuiTypography-root MuiTypography-body1 css-o8r201-MuiTypography-root"
                            data-mui-internal-clone-element="true"
                          >
                            integrate
                          </p>
                          <p
                            aria-label="Calculate the rising edge of a waveform. Errors if image or scalar provided. Implementation: First, applies smoothing by taking weighted nearest and next-nearest neighbour contributions to  y values whose difference from their neighbours is more than 0.2 times the total range in y. The maximum y value is then identified along with the x positions bounding the FWHM and the lower x value is returned."
                            class="MuiTypography-root MuiTypography-body1 css-o8r201-MuiTypography-root"
                            data-mui-internal-clone-element="true"
                          >
                            rising
                          </p>
                        </div>
                      </td>
                    </tr>
                    <tr
                      class="MuiTableRow-root css-1q1u3t4-MuiTableRow-root"
                    >
                      <td
                        class="MuiTableCell-root MuiTableCell-body MuiTableCell-sizeMedium css-1ex1afd-MuiTableCell-root"
                      >
                        Image Analysis
                      </td>
                      <td
                        class="MuiTableCell-root MuiTableCell-body MuiTableCell-sizeMedium css-1ex1afd-MuiTableCell-root"
                      >
                        <div
                          class="MuiBox-root css-k008qs"
                        >
                          <p
                            aria-label="Calculate the x position of the centroid of an image. Errors if waveform or scalar provided. Implementation: Returns the x position of the image's centroid in terms of pixel values."
                            class="MuiTypography-root MuiTypography-body1 css-o8r201-MuiTypography-root"
                            data-mui-internal-clone-element="true"
                          >
                            centroid_x
                          </p>
                          <p
                            aria-label="Calculate the y position of the centroid of an image. Errors if waveform or scalar provided. Implementation: Returns the y position of the image's centroid in terms of pixel values."
                            class="MuiTypography-root MuiTypography-body1 css-o8r201-MuiTypography-root"
                            data-mui-internal-clone-element="true"
                          >
                            centroid_y
                          </p>
                          <p
                            aria-label="Calculate the FWHM of an image across the x axis, at the y position of the image centroid. Errors if waveform or scalar provided. Implementation: First, calculates the centroid and extracts the y position. Then applies smoothing by taking weighted nearest and next-nearest neighbour contributions to pixel values whose difference from their neighbours is more than 0.2 times the total range in values. The maximum value is then identified along with the positions bounding the FWHM and the distance in pixels returned."
                            class="MuiTypography-root MuiTypography-body1 css-o8r201-MuiTypography-root"
                            data-mui-internal-clone-element="true"
                          >
                            fmhw_x
                          </p>
                          <p
                            aria-label="Calculate the FWHM of an image across the y axis, at the x position of the image centroid. Errors if waveform or scalar provided. Implementation: First, calculates the centroid and extracts the x position. Then applies smoothing by taking weighted nearest and next-nearest neighbour contributions to pixel values whose difference from their neighbours is more than 0.2 times the total range in values. The maximum value is then identified along with the positions bounding the FWHM and the distance in pixels returned."
                            class="MuiTypography-root MuiTypography-body1 css-o8r201-MuiTypography-root"
                            data-mui-internal-clone-element="true"
                          >
                            fmhw_y
                          </p>
                        </div>
                      </td>
                    </tr>
                  </tbody>
                </table>
              </div>
            </div>
          </div>
        </div>
        <div
          class="MuiDialogActions-root MuiDialogActions-spacing css-knqc4i-MuiDialogActions-root"
        >
          <button
            class="MuiButtonBase-root MuiButton-root MuiButton-text MuiButton-textPrimary MuiButton-sizeMedium MuiButton-textSizeMedium MuiButton-root MuiButton-text MuiButton-textPrimary MuiButton-sizeMedium MuiButton-textSizeMedium css-1e6y48t-MuiButtonBase-root-MuiButton-root"
            tabindex="0"
            type="button"
          >
            Close
            <span
              class="MuiTouchRipple-root css-8je8zh-MuiTouchRipple-root"
            />
          </button>
          <button
            class="MuiButtonBase-root MuiButton-root MuiButton-text MuiButton-textPrimary MuiButton-sizeMedium MuiButton-textSizeMedium MuiButton-root MuiButton-text MuiButton-textPrimary MuiButton-sizeMedium MuiButton-textSizeMedium css-1e6y48t-MuiButtonBase-root-MuiButton-root"
            tabindex="0"
            type="button"
          >
            Apply
            <span
              class="MuiTouchRipple-root css-8je8zh-MuiTouchRipple-root"
            />
          </button>
        </div>
      </div>
    </div>
    <div
      data-testid="sentinelEnd"
      tabindex="0"
    />
  </div>
</body>
`;
