// Vitest Snapshot v1, https://vitest.dev/guide/snapshot.html

exports[`View Tabs > renders correctly 1`] = `
<DocumentFragment>
  <div
    class="MuiBox-root css-kepn0o"
  >
    <div
      class="MuiDrawer-root MuiDrawer-docked css-srivv5-MuiDrawer-docked"
    >
      <div
        class="MuiPaper-root MuiPaper-elevation MuiPaper-elevation0 MuiDrawer-paper MuiDrawer-paperAnchorLeft MuiDrawer-paperAnchorDockedLeft css-16ukf1z-MuiPaper-root-MuiDrawer-paper"
      >
        <div
          class="MuiBox-root css-1gsv261"
        >
          <div
            class="MuiBox-root css-upq6er"
          >
            <p
              class="MuiTypography-root MuiTypography-body1 css-rfi1dl-MuiTypography-root"
            >
              Workspaces
            </p>
            <div
              class="MuiBox-root css-zdpt2t"
            >
              <button
                aria-label="add user session"
                class="MuiButtonBase-root MuiIconButton-root MuiIconButton-sizeMedium css-78trlr-MuiButtonBase-root-MuiIconButton-root"
                tabindex="0"
                type="button"
              >
                <svg
                  aria-hidden="true"
                  class="MuiSvgIcon-root MuiSvgIcon-fontSizeMedium css-i4bv87-MuiSvgIcon-root"
                  data-testid="AddCircleIcon"
                  focusable="false"
                  viewBox="0 0 24 24"
                >
                  <path
                    d="M12 2C6.48 2 2 6.48 2 12s4.48 10 10 10 10-4.48 10-10S17.52 2 12 2m5 11h-4v4h-2v-4H7v-2h4V7h2v4h4z"
                  />
                </svg>
                <span
                  class="MuiTouchRipple-root css-8je8zh-MuiTouchRipple-root"
                />
              </button>
            </div>
          </div>
        </div>
        <ul
          aria-label="session list"
          class="MuiList-root css-1mk9mw3-MuiList-root"
        />
      </div>
    </div>
    <div
      class="MuiBox-root css-11nfj18"
    >
      <div
        class="MuiBox-root css-pbvbz0"
      >
        <div
          class="MuiTabs-root css-1ujnqem-MuiTabs-root"
        >
          <div
            class="MuiTabs-scroller MuiTabs-fixed css-jpln7h-MuiTabs-scroller"
            style="overflow: hidden; margin-bottom: 0px;"
          >
            <div
              aria-label="view tabs"
              class="MuiTabs-flexContainer css-heg063-MuiTabs-flexContainer"
              role="tablist"
            >
              <button
                aria-controls="Data-tabpanel"
                aria-selected="true"
                class="MuiButtonBase-root MuiTab-root MuiTab-textColorPrimary Mui-selected css-w63012-MuiButtonBase-root-MuiTab-root"
                id="Data-tab"
                role="tab"
                tabindex="0"
                type="button"
              >
                Data
                <span
                  class="MuiTouchRipple-root css-8je8zh-MuiTouchRipple-root"
                />
              </button>
              <button
                aria-controls="Plots-tabpanel"
                aria-selected="false"
                class="MuiButtonBase-root MuiTab-root MuiTab-textColorPrimary css-w63012-MuiButtonBase-root-MuiTab-root"
                id="Plots-tab"
                role="tab"
                tabindex="-1"
                type="button"
              >
                Plots
                <span
                  class="MuiTouchRipple-root css-8je8zh-MuiTouchRipple-root"
                />
              </button>
            </div>
            <span
              class="MuiTabs-indicator css-1aquho2-MuiTabs-indicator"
              style="left: 0px; width: 0px;"
            />
          </div>
        </div>
        <div
          class="MuiBox-root css-al6ceu"
        >
          <div
            class="MuiBox-root css-mcd6si"
          >
            <div
              class="MuiBox-root css-k008qs"
            >
              <p
                class="MuiTypography-root MuiTypography-body1 css-ahj2mt-MuiTypography-root"
                data-testid="session-save-buttons-timestamp"
                style="font-size: small; margin: 8px;"
              >
                <span
                  style="font-weight: bold;"
                />
              </p>
              <button
                class="MuiButtonBase-root MuiButton-root MuiButton-outlined MuiButton-outlinedPrimary MuiButton-sizeMedium MuiButton-outlinedSizeMedium MuiButton-colorPrimary MuiButton-root MuiButton-outlined MuiButton-outlinedPrimary MuiButton-sizeMedium MuiButton-outlinedSizeMedium MuiButton-colorPrimary css-1owl11-MuiButtonBase-root-MuiButton-root"
                tabindex="0"
                type="button"
              >
                Save
                <span
                  class="MuiTouchRipple-root css-8je8zh-MuiTouchRipple-root"
                />
              </button>
              <button
                class="MuiButtonBase-root MuiButton-root MuiButton-outlined MuiButton-outlinedPrimary MuiButton-sizeMedium MuiButton-outlinedSizeMedium MuiButton-colorPrimary MuiButton-root MuiButton-outlined MuiButton-outlinedPrimary MuiButton-sizeMedium MuiButton-outlinedSizeMedium MuiButton-colorPrimary css-1owl11-MuiButtonBase-root-MuiButton-root"
                tabindex="0"
                type="button"
              >
                Save as
                <span
                  class="MuiTouchRipple-root css-8je8zh-MuiTouchRipple-root"
                />
              </button>
            </div>
          </div>
          <div
            class="MuiBox-root css-brvi3t"
          >
            <div
              class="MuiBox-root css-k008qs"
            >
              <hr
                class="MuiDivider-root MuiDivider-fullWidth MuiDivider-vertical MuiDivider-flexItem css-tw7q2e-MuiDivider-root"
              />
              <button
                class="MuiButtonBase-root MuiButton-root MuiButton-outlined MuiButton-outlinedPrimary MuiButton-sizeMedium MuiButton-outlinedSizeMedium MuiButton-colorPrimary MuiButton-root MuiButton-outlined MuiButton-outlinedPrimary MuiButton-sizeMedium MuiButton-outlinedSizeMedium MuiButton-colorPrimary css-1owl11-MuiButtonBase-root-MuiButton-root"
                tabindex="0"
                type="button"
              >
                Export
                <span
                  class="MuiTouchRipple-root css-8je8zh-MuiTouchRipple-root"
                />
              </button>
              <div
                aria-hidden="true"
                class="MuiBackdrop-root css-1wckrpe-MuiBackdrop-root"
                style="opacity: 0; visibility: hidden;"
              >
                <div
                  class="MuiBox-root css-1b15trw"
                >
                  <h6
                    class="MuiTypography-root MuiTypography-h6 css-1wrli5b-MuiTypography-root"
                  >
                    Generating export data...
                  </h6>
                  <span
                    class="MuiCircularProgress-root MuiCircularProgress-indeterminate MuiCircularProgress-colorPrimary css-1reeo09-MuiCircularProgress-root"
                    role="progressbar"
                    style="width: 40px; height: 40px;"
                  >
                    <svg
                      class="MuiCircularProgress-svg css-1idz92c-MuiCircularProgress-svg"
                      viewBox="22 22 44 44"
                    >
                      <circle
                        class="MuiCircularProgress-circle MuiCircularProgress-circleIndeterminate css-176wh8e-MuiCircularProgress-circle"
                        cx="44"
                        cy="44"
                        fill="none"
                        r="20.2"
                        stroke-width="3.6"
                      />
                    </svg>
                  </span>
                </div>
              </div>
            </div>
          </div>
        </div>
      </div>
      <div
        aria-labelledby="Data-tab"
        id="Data-tabpanel"
        role="tabpanel"
      >
        <div
          class="MuiBox-root css-0"
        >
          <div
            class="MuiStack-root css-fy7x24-MuiStack-root"
          >
            <div
              class="MuiCollapse-root MuiCollapse-vertical MuiCollapse-entered css-pwcg7p-MuiCollapse-root"
              style="min-height: 0px;"
            >
              <div
                class="MuiCollapse-wrapper MuiCollapse-vertical css-smkl36-MuiCollapse-wrapper"
              >
                <div
                  class="MuiCollapse-wrapperInner MuiCollapse-vertical css-9l5vo-MuiCollapse-wrapperInner"
                >
                  <div
                    class="MuiGrid-root MuiGrid-container MuiGrid-spacing-xs-1 css-a5rdam-MuiGrid-root"
                  >
                    <div
                      class="MuiGrid-root MuiGrid-container MuiGrid-item MuiGrid-direction-xs-column MuiGrid-grid-xs-12 css-1qeq9aw-MuiGrid-root"
                    >
                      <div
                        class="MuiGrid-root MuiGrid-item css-13i4rnv-MuiGrid-root"
                      >
                        <div
                          class="MuiGrid-root MuiGrid-container MuiGrid-spacing-xs-0.5 css-125mmfg-MuiGrid-root"
                        >
                          <div
                            class="MuiGrid-root MuiGrid-item MuiGrid-grid-xs-true MuiGrid-grid-xl-auto css-175xajt-MuiGrid-root"
                          >
                            <div
                              aria-label="date-time search box"
                              class="MuiBox-root css-whpmxb"
                            >
                              <svg
                                aria-hidden="true"
                                class="MuiSvgIcon-root MuiSvgIcon-fontSizeMedium css-1cprn3g-MuiSvgIcon-root"
                                data-testid="CalendarMonthIcon"
                                focusable="false"
                                viewBox="0 0 24 24"
                              >
                                <path
                                  d="M19 4h-1V2h-2v2H8V2H6v2H5c-1.11 0-1.99.9-1.99 2L3 20c0 1.1.89 2 2 2h14c1.1 0 2-.9 2-2V6c0-1.1-.9-2-2-2m0 16H5V10h14zM9 14H7v-2h2zm4 0h-2v-2h2zm4 0h-2v-2h2zm-8 4H7v-2h2zm4 0h-2v-2h2zm4 0h-2v-2h2z"
                                />
                              </svg>
                              <div
                                class="MuiGrid-root MuiGrid-container MuiGrid-direction-xs-column css-1vpwcmr-MuiGrid-root"
                              >
                                <div
                                  class="MuiGrid-root MuiGrid-item css-13i4rnv-MuiGrid-root"
                                >
                                  <p
                                    class="MuiTypography-root MuiTypography-body1 MuiTypography-noWrap css-29c4sz-MuiTypography-root"
                                  >
                                    From date
                                  </p>
                                </div>
                                <div
                                  class="MuiGrid-root MuiGrid-item css-13i4rnv-MuiGrid-root"
                                >
                                  <div
                                    class="MuiFormControl-root MuiFormControl-fullWidth MuiTextField-root css-n5zogd-MuiFormControl-root-MuiTextField-root"
                                  >
                                    <div
                                      class="MuiInputBase-root MuiInput-root MuiInput-underline MuiInputBase-colorPrimary MuiInputBase-fullWidth MuiInputBase-formControl MuiInputBase-adornedEnd css-953pxc-MuiInputBase-root-MuiInput-root"
                                    >
                                      <input
                                        aria-invalid="false"
                                        aria-label="from, date-time input"
                                        autocomplete="off"
                                        class="MuiInputBase-input MuiInput-input MuiInputBase-inputAdornedEnd css-jflll1-MuiInputBase-input-MuiInput-input"
                                        id="from date-time"
                                        inputmode="text"
                                        placeholder="From..."
                                        type="text"
                                        value="2024-07-14 12:00"
                                      />
                                      <div
                                        class="MuiInputAdornment-root MuiInputAdornment-positionEnd MuiInputAdornment-standard MuiInputAdornment-sizeMedium css-1673wpy-MuiInputAdornment-root"
                                      >
                                        <button
                                          class="MuiButtonBase-root MuiIconButton-root MuiIconButton-sizeSmall clearButton css-1pe4mpk-MuiButtonBase-root-MuiIconButton-root"
                                          tabindex="0"
                                          title="Clear value"
                                          type="button"
                                        >
                                          <svg
                                            aria-hidden="true"
                                            class="MuiSvgIcon-root MuiSvgIcon-fontSizeSmall css-ptiqhd-MuiSvgIcon-root"
                                            data-testid="ClearIcon"
                                            focusable="false"
                                            viewBox="0 0 24 24"
                                          >
                                            <path
                                              d="M19 6.41 17.59 5 12 10.59 6.41 5 5 6.41 10.59 12 5 17.59 6.41 19 12 13.41 17.59 19 19 17.59 13.41 12z"
                                            />
                                          </svg>
                                          <span
                                            class="MuiTouchRipple-root css-8je8zh-MuiTouchRipple-root"
                                          />
                                        </button>
                                      </div>
                                      <div
                                        class="MuiInputAdornment-root MuiInputAdornment-positionEnd MuiInputAdornment-standard MuiInputAdornment-sizeMedium css-1laqsz7-MuiInputAdornment-root"
                                      >
                                        <button
                                          aria-label="from, date-time picker"
                                          class="MuiButtonBase-root MuiIconButton-root MuiIconButton-edgeEnd MuiIconButton-sizeSmall css-1bkxqye-MuiButtonBase-root-MuiIconButton-root"
                                          tabindex="0"
                                          type="button"
                                        >
                                          <svg
                                            aria-hidden="true"
                                            class="MuiSvgIcon-root MuiSvgIcon-fontSizeMedium css-i4bv87-MuiSvgIcon-root"
                                            data-testid="CalendarIcon"
                                            focusable="false"
                                            viewBox="0 0 24 24"
                                          >
                                            <path
                                              d="M17 12h-5v5h5v-5zM16 1v2H8V1H6v2H5c-1.11 0-1.99.9-1.99 2L3 19c0 1.1.89 2 2 2h14c1.1 0 2-.9 2-2V5c0-1.1-.9-2-2-2h-1V1h-2zm3 18H5V8h14v11z"
                                            />
                                          </svg>
                                          <span
                                            class="MuiTouchRipple-root css-8je8zh-MuiTouchRipple-root"
                                          />
                                        </button>
                                      </div>
                                    </div>
                                  </div>
                                </div>
                              </div>
                              <hr
                                class="MuiDivider-root MuiDivider-fullWidth MuiDivider-vertical MuiDivider-flexItem css-fx8517-MuiDivider-root"
                              />
                              <div
                                class="MuiGrid-root MuiGrid-container MuiGrid-direction-xs-column css-1vpwcmr-MuiGrid-root"
                              >
                                <div
                                  class="MuiGrid-root MuiGrid-item css-13i4rnv-MuiGrid-root"
                                >
                                  <p
                                    class="MuiTypography-root MuiTypography-body1 MuiTypography-noWrap css-29c4sz-MuiTypography-root"
                                  >
                                    To date
                                  </p>
                                </div>
                                <div
                                  class="MuiGrid-root MuiGrid-item css-13i4rnv-MuiGrid-root"
                                >
                                  <div
                                    class="MuiFormControl-root MuiFormControl-fullWidth MuiTextField-root css-n5zogd-MuiFormControl-root-MuiTextField-root"
                                  >
                                    <div
                                      class="MuiInputBase-root MuiInput-root MuiInput-underline MuiInputBase-colorPrimary MuiInputBase-fullWidth MuiInputBase-formControl MuiInputBase-adornedEnd css-953pxc-MuiInputBase-root-MuiInput-root"
                                    >
                                      <input
                                        aria-invalid="false"
                                        aria-label="to, date-time input"
                                        autocomplete="off"
                                        class="MuiInputBase-input MuiInput-input MuiInputBase-inputAdornedEnd css-jflll1-MuiInputBase-input-MuiInput-input"
                                        id="to date-time"
                                        inputmode="text"
                                        placeholder="To..."
                                        type="text"
                                        value="2024-07-15 12:00"
                                      />
                                      <div
                                        class="MuiInputAdornment-root MuiInputAdornment-positionEnd MuiInputAdornment-standard MuiInputAdornment-sizeMedium css-1673wpy-MuiInputAdornment-root"
                                      >
                                        <button
                                          class="MuiButtonBase-root MuiIconButton-root MuiIconButton-sizeSmall clearButton css-1pe4mpk-MuiButtonBase-root-MuiIconButton-root"
                                          tabindex="0"
                                          title="Clear value"
                                          type="button"
                                        >
                                          <svg
                                            aria-hidden="true"
                                            class="MuiSvgIcon-root MuiSvgIcon-fontSizeSmall css-ptiqhd-MuiSvgIcon-root"
                                            data-testid="ClearIcon"
                                            focusable="false"
                                            viewBox="0 0 24 24"
                                          >
                                            <path
                                              d="M19 6.41 17.59 5 12 10.59 6.41 5 5 6.41 10.59 12 5 17.59 6.41 19 12 13.41 17.59 19 19 17.59 13.41 12z"
                                            />
                                          </svg>
                                          <span
                                            class="MuiTouchRipple-root css-8je8zh-MuiTouchRipple-root"
                                          />
                                        </button>
                                      </div>
                                      <div
                                        class="MuiInputAdornment-root MuiInputAdornment-positionEnd MuiInputAdornment-standard MuiInputAdornment-sizeMedium css-1laqsz7-MuiInputAdornment-root"
                                      >
                                        <button
                                          aria-label="to, date-time picker"
                                          class="MuiButtonBase-root MuiIconButton-root MuiIconButton-edgeEnd MuiIconButton-sizeSmall css-1bkxqye-MuiButtonBase-root-MuiIconButton-root"
                                          tabindex="0"
                                          type="button"
                                        >
                                          <svg
                                            aria-hidden="true"
                                            class="MuiSvgIcon-root MuiSvgIcon-fontSizeMedium css-i4bv87-MuiSvgIcon-root"
                                            data-testid="CalendarIcon"
                                            focusable="false"
                                            viewBox="0 0 24 24"
                                          >
                                            <path
                                              d="M17 12h-5v5h5v-5zM16 1v2H8V1H6v2H5c-1.11 0-1.99.9-1.99 2L3 19c0 1.1.89 2 2 2h14c1.1 0 2-.9 2-2V5c0-1.1-.9-2-2-2h-1V1h-2zm3 18H5V8h14v11z"
                                            />
                                          </svg>
                                          <span
                                            class="MuiTouchRipple-root css-8je8zh-MuiTouchRipple-root"
                                          />
                                        </button>
                                      </div>
                                    </div>
                                  </div>
                                </div>
                              </div>
                            </div>
                          </div>
                          <div
                            class="MuiGrid-root MuiGrid-item MuiGrid-grid-xs-auto css-1wrgmsj-MuiGrid-root"
                          >
                            <div
                              class="MuiBox-root css-79elbk"
                            >
                              <div
                                aria-label="open timeframe search box"
                                class="MuiBox-root css-bm8stw"
                              >
                                <svg
                                  aria-hidden="true"
                                  class="MuiSvgIcon-root MuiSvgIcon-fontSizeMedium css-1cprn3g-MuiSvgIcon-root"
                                  data-testid="ScheduleIcon"
                                  focusable="false"
                                  viewBox="0 0 24 24"
                                >
                                  <path
                                    d="M11.99 2C6.47 2 2 6.48 2 12s4.47 10 9.99 10C17.52 22 22 17.52 22 12S17.52 2 11.99 2M12 20c-4.42 0-8-3.58-8-8s3.58-8 8-8 8 3.58 8 8-3.58 8-8 8"
                                  />
                                  <path
                                    d="M12.5 7H11v6l5.25 3.15.75-1.23-4.5-2.67z"
                                  />
                                </svg>
                                <div>
                                  <p
                                    class="MuiTypography-root MuiTypography-body1 MuiTypography-noWrap css-29c4sz-MuiTypography-root"
                                  >
                                    Timeframe
                                  </p>
                                  <h6
                                    class="MuiTypography-root MuiTypography-subtitle1 MuiTypography-noWrap css-of350e-MuiTypography-root"
                                  >
                                    24 hours
                                  </h6>
                                </div>
                              </div>
                            </div>
                          </div>
                          <div
                            class="MuiGrid-root MuiGrid-item MuiGrid-grid-xs-true MuiGrid-grid-xl-auto css-175xajt-MuiGrid-root"
                          >
                            <div
                              class="MuiBox-root css-79elbk"
                            >
                              <div
                                aria-label="open experiment search box"
                                class="MuiBox-root css-bm8stw"
                              >
                                <svg
                                  aria-hidden="true"
                                  class="MuiSvgIcon-root MuiSvgIcon-fontSizeMedium css-1cprn3g-MuiSvgIcon-root"
                                  data-testid="ScienceOutlinedIcon"
                                  focusable="false"
                                  viewBox="0 0 24 24"
                                >
                                  <path
                                    d="M13 11.33 18 18H6l5-6.67V6h2m2.96-2H8.04c-.42 0-.65.48-.39.81L9 6.5v4.17L3.2 18.4c-.49.66-.02 1.6.8 1.6h16c.82 0 1.29-.94.8-1.6L15 10.67V6.5l1.35-1.69c.26-.33.03-.81-.39-.81"
                                  />
                                </svg>
                                <div>
                                  <p
                                    class="MuiTypography-root MuiTypography-body1 MuiTypography-noWrap css-29c4sz-MuiTypography-root"
                                  >
                                    Experiment
                                  </p>
                                  <h6
                                    class="MuiTypography-root MuiTypography-subtitle1 css-10wpov9-MuiTypography-root"
                                  >
                                    Select
                                  </h6>
                                </div>
                              </div>
                            </div>
                          </div>
                          <div
                            class="MuiGrid-root MuiGrid-item MuiGrid-grid-xs-true MuiGrid-grid-xl-auto css-175xajt-MuiGrid-root"
                          >
                            <div
                              class="MuiBox-root css-79elbk"
                            >
                              <div
                                aria-label="open shot number search box"
                                class="MuiBox-root css-bm8stw"
                              >
                                <svg
                                  aria-hidden="true"
                                  class="MuiSvgIcon-root MuiSvgIcon-fontSizeMedium css-1cprn3g-MuiSvgIcon-root"
                                  data-testid="AdjustIcon"
                                  focusable="false"
                                  viewBox="0 0 24 24"
                                >
                                  <path
                                    d="M12 2C6.49 2 2 6.49 2 12s4.49 10 10 10 10-4.49 10-10S17.51 2 12 2m0 18c-4.41 0-8-3.59-8-8s3.59-8 8-8 8 3.59 8 8-3.59 8-8 8m3-8c0 1.66-1.34 3-3 3s-3-1.34-3-3 1.34-3 3-3 3 1.34 3 3"
                                  />
                                </svg>
                                <div>
                                  <p
                                    class="MuiTypography-root MuiTypography-body1 MuiTypography-noWrap css-29c4sz-MuiTypography-root"
                                  >
                                    Shot Number
                                  </p>
                                  <h6
                                    class="MuiTypography-root MuiTypography-subtitle1 css-10wpov9-MuiTypography-root"
                                  >
                                    Select
                                  </h6>
                                </div>
                              </div>
                            </div>
                          </div>
                          <div
                            class="MuiGrid-root MuiGrid-item MuiGrid-grid-xs-auto css-1wrgmsj-MuiGrid-root"
                          >
                            <button
                              class="MuiButtonBase-root MuiButton-root MuiButton-outlined MuiButton-outlinedPrimary MuiButton-sizeMedium MuiButton-outlinedSizeMedium MuiButton-colorPrimary MuiButton-root MuiButton-outlined MuiButton-outlinedPrimary MuiButton-sizeMedium MuiButton-outlinedSizeMedium MuiButton-colorPrimary css-1js53c9-MuiButtonBase-root-MuiButton-root"
                              tabindex="0"
                              type="button"
                            >
                              Search
                              <span
                                class="MuiTouchRipple-root css-8je8zh-MuiTouchRipple-root"
                              />
                            </button>
                          </div>
                        </div>
                      </div>
                      <div
                        class="MuiGrid-root MuiGrid-container css-1ib15yv-MuiGrid-root"
                      >
                        <div
                          class="MuiGrid-root MuiGrid-item css-13i4rnv-MuiGrid-root"
                        >
                          <div
                            class="MuiBox-root css-79elbk"
                          >
                            <div
                              aria-label="select max shots to display"
                              class="MuiBox-root css-2sv9t8"
                            >
                              <div
                                style="align-items: center; display: flex; justify-content: left; margin-right: 10px;"
                              >
                                <label
                                  class="MuiFormLabel-root MuiFormLabel-colorPrimary css-u4tvz2-MuiFormLabel-root"
                                >
                                  Max shots
                                </label>
                              </div>
                              <div
                                class="MuiFormControl-root css-1nrlq1o-MuiFormControl-root"
                              >
                                <div
                                  aria-label="select max shots"
                                  class="MuiFormGroup-root MuiFormGroup-row MuiRadioGroup-root MuiRadioGroup-row css-qfz70r-MuiFormGroup-root"
                                  role="radiogroup"
                                >
                                  <label
                                    class="MuiFormControlLabel-root MuiFormControlLabel-labelPlacementEnd css-j204z7-MuiFormControlLabel-root"
                                  >
                                    <span
                                      aria-label="Select 50 max shots"
                                      class="MuiButtonBase-root MuiRadio-root MuiRadio-colorPrimary PrivateSwitchBase-root MuiRadio-root MuiRadio-colorPrimary Mui-checked MuiRadio-root MuiRadio-colorPrimary css-vqmohf-MuiButtonBase-root-MuiRadio-root"
                                    >
                                      <input
                                        checked=""
                                        class="PrivateSwitchBase-input css-1m9pwf3"
                                        name="max shots group"
                                        type="radio"
                                        value="50"
                                      />
                                      <span
                                        class="css-hyxlzm"
                                      >
                                        <svg
                                          aria-hidden="true"
                                          class="MuiSvgIcon-root MuiSvgIcon-fontSizeMedium css-1hbvpl3-MuiSvgIcon-root"
                                          data-testid="RadioButtonUncheckedIcon"
                                          focusable="false"
                                          viewBox="0 0 24 24"
                                        >
                                          <path
                                            d="M12 2C6.48 2 2 6.48 2 12s4.48 10 10 10 10-4.48 10-10S17.52 2 12 2zm0 18c-4.42 0-8-3.58-8-8s3.58-8 8-8 8 3.58 8 8-3.58 8-8 8z"
                                          />
                                        </svg>
                                        <svg
                                          aria-hidden="true"
                                          class="MuiSvgIcon-root MuiSvgIcon-fontSizeMedium css-11zohuh-MuiSvgIcon-root"
                                          data-testid="RadioButtonCheckedIcon"
                                          focusable="false"
                                          viewBox="0 0 24 24"
                                        >
                                          <path
                                            d="M8.465 8.465C9.37 7.56 10.62 7 12 7C14.76 7 17 9.24 17 12C17 13.38 16.44 14.63 15.535 15.535C14.63 16.44 13.38 17 12 17C9.24 17 7 14.76 7 12C7 10.62 7.56 9.37 8.465 8.465Z"
                                          />
                                        </svg>
                                      </span>
                                      <span
                                        class="MuiTouchRipple-root css-8je8zh-MuiTouchRipple-root"
                                      />
                                    </span>
                                    <span
                                      class="MuiTypography-root MuiTypography-body1 MuiFormControlLabel-label css-ahj2mt-MuiTypography-root"
                                    >
                                      50
                                    </span>
                                  </label>
                                  <label
                                    class="MuiFormControlLabel-root MuiFormControlLabel-labelPlacementEnd css-j204z7-MuiFormControlLabel-root"
                                  >
                                    <span
                                      aria-label="Select 1000 max shots"
                                      class="MuiButtonBase-root MuiRadio-root MuiRadio-colorPrimary PrivateSwitchBase-root MuiRadio-root MuiRadio-colorPrimary MuiRadio-root MuiRadio-colorPrimary css-vqmohf-MuiButtonBase-root-MuiRadio-root"
                                    >
                                      <input
                                        class="PrivateSwitchBase-input css-1m9pwf3"
                                        name="max shots group"
                                        type="radio"
                                        value="1000"
                                      />
                                      <span
                                        class="css-hyxlzm"
                                      >
                                        <svg
                                          aria-hidden="true"
                                          class="MuiSvgIcon-root MuiSvgIcon-fontSizeMedium css-1hbvpl3-MuiSvgIcon-root"
                                          data-testid="RadioButtonUncheckedIcon"
                                          focusable="false"
                                          viewBox="0 0 24 24"
                                        >
                                          <path
                                            d="M12 2C6.48 2 2 6.48 2 12s4.48 10 10 10 10-4.48 10-10S17.52 2 12 2zm0 18c-4.42 0-8-3.58-8-8s3.58-8 8-8 8 3.58 8 8-3.58 8-8 8z"
                                          />
                                        </svg>
                                        <svg
                                          aria-hidden="true"
                                          class="MuiSvgIcon-root MuiSvgIcon-fontSizeMedium css-1hhw7if-MuiSvgIcon-root"
                                          data-testid="RadioButtonCheckedIcon"
                                          focusable="false"
                                          viewBox="0 0 24 24"
                                        >
                                          <path
                                            d="M8.465 8.465C9.37 7.56 10.62 7 12 7C14.76 7 17 9.24 17 12C17 13.38 16.44 14.63 15.535 15.535C14.63 16.44 13.38 17 12 17C9.24 17 7 14.76 7 12C7 10.62 7.56 9.37 8.465 8.465Z"
                                          />
                                        </svg>
                                      </span>
                                      <span
                                        class="MuiTouchRipple-root css-8je8zh-MuiTouchRipple-root"
                                      />
                                    </span>
                                    <span
                                      class="MuiTypography-root MuiTypography-body1 MuiFormControlLabel-label css-ahj2mt-MuiTypography-root"
                                    >
                                      1000
                                    </span>
                                  </label>
                                  <label
                                    class="MuiFormControlLabel-root MuiFormControlLabel-labelPlacementEnd css-j204z7-MuiFormControlLabel-root"
                                  >
                                    <span
                                      aria-label="Select unlimited max shots"
                                      class="MuiButtonBase-root MuiRadio-root MuiRadio-colorPrimary PrivateSwitchBase-root MuiRadio-root MuiRadio-colorPrimary MuiRadio-root MuiRadio-colorPrimary css-vqmohf-MuiButtonBase-root-MuiRadio-root"
                                    >
                                      <input
                                        class="PrivateSwitchBase-input css-1m9pwf3"
                                        name="max shots group"
                                        type="radio"
                                        value="Infinity"
                                      />
                                      <span
                                        class="css-hyxlzm"
                                      >
                                        <svg
                                          aria-hidden="true"
                                          class="MuiSvgIcon-root MuiSvgIcon-fontSizeMedium css-1hbvpl3-MuiSvgIcon-root"
                                          data-testid="RadioButtonUncheckedIcon"
                                          focusable="false"
                                          viewBox="0 0 24 24"
                                        >
                                          <path
                                            d="M12 2C6.48 2 2 6.48 2 12s4.48 10 10 10 10-4.48 10-10S17.52 2 12 2zm0 18c-4.42 0-8-3.58-8-8s3.58-8 8-8 8 3.58 8 8-3.58 8-8 8z"
                                          />
                                        </svg>
                                        <svg
                                          aria-hidden="true"
                                          class="MuiSvgIcon-root MuiSvgIcon-fontSizeMedium css-1hhw7if-MuiSvgIcon-root"
                                          data-testid="RadioButtonCheckedIcon"
                                          focusable="false"
                                          viewBox="0 0 24 24"
                                        >
                                          <path
                                            d="M8.465 8.465C9.37 7.56 10.62 7 12 7C14.76 7 17 9.24 17 12C17 13.38 16.44 14.63 15.535 15.535C14.63 16.44 13.38 17 12 17C9.24 17 7 14.76 7 12C7 10.62 7.56 9.37 8.465 8.465Z"
                                          />
                                        </svg>
                                      </span>
                                      <span
                                        class="MuiTouchRipple-root css-8je8zh-MuiTouchRipple-root"
                                      />
                                    </span>
                                    <span
                                      class="MuiTypography-root MuiTypography-body1 MuiFormControlLabel-label css-ahj2mt-MuiTypography-root"
                                    >
                                      Unlimited
                                    </span>
                                  </label>
                                </div>
                              </div>
                            </div>
                          </div>
                        </div>
                        <div
                          class="MuiGrid-root MuiGrid-item css-13i4rnv-MuiGrid-root"
                        >
                          <div
                            class="MuiBox-root css-12b4m5q"
                          >
                            <button
                              aria-label="Refresh data"
                              class="MuiButtonBase-root MuiButton-root MuiButton-text MuiButton-textPrimary MuiButton-sizeSmall MuiButton-textSizeSmall MuiButton-colorPrimary MuiButton-root MuiButton-text MuiButton-textPrimary MuiButton-sizeSmall MuiButton-textSizeSmall MuiButton-colorPrimary css-1knaqv7-MuiButtonBase-root-MuiButton-root"
                              tabindex="0"
                              type="button"
                            >
                              <span
                                class="MuiButton-icon MuiButton-startIcon MuiButton-iconSizeSmall css-y6rp3m-MuiButton-startIcon"
                              >
                                <svg
                                  aria-hidden="true"
                                  class="MuiSvgIcon-root MuiSvgIcon-fontSizeMedium css-i4bv87-MuiSvgIcon-root"
                                  data-testid="RefreshIcon"
                                  focusable="false"
                                  viewBox="0 0 24 24"
                                >
                                  <path
                                    d="M17.65 6.35C16.2 4.9 14.21 4 12 4c-4.42 0-7.99 3.58-7.99 8s3.57 8 7.99 8c3.73 0 6.84-2.55 7.73-6h-2.08c-.82 2.33-3.04 4-5.65 4-3.31 0-6-2.69-6-6s2.69-6 6-6c1.66 0 3.14.69 4.22 1.78L13 11h7V4z"
                                  />
                                </svg>
                              </span>
                              Refresh
                              <span
                                class="MuiTouchRipple-root css-8je8zh-MuiTouchRipple-root"
                              />
                            </button>
                          </div>
                        </div>
                        <div
                          class="MuiGrid-root MuiGrid-item css-13i4rnv-MuiGrid-root"
                        >
                          <label
                            class="MuiFormControlLabel-root MuiFormControlLabel-labelPlacementEnd css-j204z7-MuiFormControlLabel-root"
                          >
                            <span
                              class="MuiSwitch-root MuiSwitch-sizeMedium css-julti5-MuiSwitch-root"
                            >
                              <span
                                class="MuiButtonBase-root MuiSwitch-switchBase MuiSwitch-colorPrimary Mui-checked PrivateSwitchBase-root MuiSwitch-switchBase MuiSwitch-colorPrimary Mui-checked Mui-checked css-byenzh-MuiButtonBase-root-MuiSwitch-switchBase"
                              >
                                <input
                                  checked=""
                                  class="PrivateSwitchBase-input MuiSwitch-input css-1m9pwf3"
                                  type="checkbox"
                                />
                                <span
                                  class="MuiSwitch-thumb css-jsexje-MuiSwitch-thumb"
                                />
                                <span
                                  class="MuiTouchRipple-root css-8je8zh-MuiTouchRipple-root"
                                />
                              </span>
                              <span
                                class="MuiSwitch-track css-1yjjitx-MuiSwitch-track"
                              />
                            </span>
                            <span
                              class="MuiTypography-root MuiTypography-body1 MuiFormControlLabel-label css-ahj2mt-MuiTypography-root"
                            >
                              Auto refresh
                            </span>
                          </label>
                        </div>
                      </div>
                    </div>
                  </div>
                </div>
              </div>
            </div>
            <div
              class="MuiButtonGroup-root MuiButtonGroup-outlined css-edsu1d-MuiButtonGroup-root"
              role="group"
            >
              <button
                class="MuiButtonBase-root MuiButton-root MuiButton-outlined MuiButton-outlinedPrimary MuiButton-sizeSmall MuiButton-outlinedSizeSmall MuiButton-colorPrimary MuiButtonGroup-grouped MuiButtonGroup-groupedHorizontal MuiButtonGroup-groupedOutlined MuiButtonGroup-groupedOutlinedHorizontal MuiButtonGroup-groupedOutlinedPrimary MuiButton-root MuiButton-outlined MuiButton-outlinedPrimary MuiButton-sizeSmall MuiButton-outlinedSizeSmall MuiButton-colorPrimary MuiButtonGroup-grouped MuiButtonGroup-groupedHorizontal MuiButtonGroup-groupedOutlined MuiButtonGroup-groupedOutlinedHorizontal MuiButtonGroup-groupedOutlinedPrimary MuiButtonGroup-firstButton css-1k23hlb-MuiButtonBase-root-MuiButton-root"
                tabindex="0"
                type="button"
              >
                Hide search
                <span
                  class="MuiTouchRipple-root css-8je8zh-MuiTouchRipple-root"
                />
              </button>
              <button
                class="MuiButtonBase-root MuiButton-root MuiButton-outlined MuiButton-outlinedPrimary MuiButton-sizeSmall MuiButton-outlinedSizeSmall MuiButton-colorPrimary MuiButtonGroup-grouped MuiButtonGroup-groupedHorizontal MuiButtonGroup-groupedOutlined MuiButtonGroup-groupedOutlinedHorizontal MuiButtonGroup-groupedOutlinedPrimary MuiButton-root MuiButton-outlined MuiButton-outlinedPrimary MuiButton-sizeSmall MuiButton-outlinedSizeSmall MuiButton-colorPrimary MuiButtonGroup-grouped MuiButtonGroup-groupedHorizontal MuiButtonGroup-groupedOutlined MuiButtonGroup-groupedOutlinedHorizontal MuiButtonGroup-groupedOutlinedPrimary MuiButtonGroup-middleButton css-1k23hlb-MuiButtonBase-root-MuiButton-root"
                tabindex="0"
                type="button"
              >
                Data Channels
                <span
                  class="MuiTouchRipple-root css-8je8zh-MuiTouchRipple-root"
                />
              </button>
              <button
                class="MuiButtonBase-root MuiButton-root MuiButton-outlined MuiButton-outlinedPrimary MuiButton-sizeSmall MuiButton-outlinedSizeSmall MuiButton-colorPrimary MuiButtonGroup-grouped MuiButtonGroup-groupedHorizontal MuiButtonGroup-groupedOutlined MuiButtonGroup-groupedOutlinedHorizontal MuiButtonGroup-groupedOutlinedPrimary MuiButton-root MuiButton-outlined MuiButton-outlinedPrimary MuiButton-sizeSmall MuiButton-outlinedSizeSmall MuiButton-colorPrimary MuiButtonGroup-grouped MuiButtonGroup-groupedHorizontal MuiButtonGroup-groupedOutlined MuiButtonGroup-groupedOutlinedHorizontal MuiButtonGroup-groupedOutlinedPrimary MuiButtonGroup-middleButton css-1k23hlb-MuiButtonBase-root-MuiButton-root"
                tabindex="0"
                type="button"
              >
                Filters
                <span
                  class="MuiTouchRipple-root css-8je8zh-MuiTouchRipple-root"
                />
              </button>
              <button
                class="MuiButtonBase-root MuiButton-root MuiButton-outlined MuiButton-outlinedPrimary MuiButton-sizeSmall MuiButton-outlinedSizeSmall MuiButton-colorPrimary MuiButtonGroup-grouped MuiButtonGroup-groupedHorizontal MuiButtonGroup-groupedOutlined MuiButtonGroup-groupedOutlinedHorizontal MuiButtonGroup-groupedOutlinedPrimary MuiButton-root MuiButton-outlined MuiButton-outlinedPrimary MuiButton-sizeSmall MuiButton-outlinedSizeSmall MuiButton-colorPrimary MuiButtonGroup-grouped MuiButtonGroup-groupedHorizontal MuiButtonGroup-groupedOutlined MuiButtonGroup-groupedOutlinedHorizontal MuiButtonGroup-groupedOutlinedPrimary MuiButtonGroup-lastButton css-1k23hlb-MuiButtonBase-root-MuiButton-root"
                tabindex="0"
                type="button"
              >
                Functions
                <span
                  class="MuiTouchRipple-root css-8je8zh-MuiTouchRipple-root"
                />
              </button>
            </div>
            <div>
              <div
                class="MuiPaper-root MuiPaper-elevation MuiPaper-rounded MuiPaper-elevation1 MuiTableContainer-root css-ay9ul6-MuiPaper-root-MuiTableContainer-root"
                data-testid="table-container"
              >
                <table
                  class="MuiTable-root css-rqglhn-MuiTable-root"
                >
                  <thead
                    class="MuiTableHead-root css-1k3qja5-MuiTableHead-root"
                  >
                    <tr
                      class="MuiTableRow-root MuiTableRow-head css-tnxcld-MuiTableRow-root"
                      data-rfd-droppable-context-id=":r9:"
                      data-rfd-droppable-id="columns"
                    >
                      <th
                        aria-label="Select all rows"
                        class="MuiTableCell-root MuiTableCell-head MuiTableCell-paddingNone MuiTableCell-sizeMedium css-ee5btb-MuiTableCell-root"
                        role="columnheader"
                        scope="col"
                      >
                        <span
                          class="MuiButtonBase-root MuiCheckbox-root MuiCheckbox-colorPrimary MuiCheckbox-sizeSmall PrivateSwitchBase-root MuiCheckbox-root MuiCheckbox-colorPrimary MuiCheckbox-sizeSmall MuiCheckbox-root MuiCheckbox-colorPrimary MuiCheckbox-sizeSmall css-1rb5stk-MuiButtonBase-root-MuiCheckbox-root"
                        >
                          <input
                            aria-label="select all rows"
                            class="PrivateSwitchBase-input css-1m9pwf3"
                            data-indeterminate="false"
                            type="checkbox"
                          />
                          <svg
                            aria-hidden="true"
                            class="MuiSvgIcon-root MuiSvgIcon-fontSizeSmall css-ptiqhd-MuiSvgIcon-root"
                            data-testid="CheckBoxOutlineBlankIcon"
                            focusable="false"
                            viewBox="0 0 24 24"
                          >
                            <path
                              d="M19 5v14H5V5h14m0-2H5c-1.1 0-2 .9-2 2v14c0 1.1.9 2 2 2h14c1.1 0 2-.9 2-2V5c0-1.1-.9-2-2-2z"
                            />
                          </svg>
                          <span
                            class="MuiTouchRipple-root css-8je8zh-MuiTouchRipple-root"
                          />
                        </span>
                      </th>
                    </tr>
                  </thead>
                  <tbody
                    aria-busy="true"
                    aria-describedby="table-loading-indicator"
                    class="MuiTableBody-root css-1iufabm-MuiTableBody-root"
                  >
                    <tr
                      aria-hidden="false"
                      class="MuiBackdrop-root css-19zr541-MuiBackdrop-root"
                      role="none"
                      style="opacity: 1; webkit-transition: opacity 225ms cubic-bezier(0.4, 0, 0.2, 1) 0ms; transition: opacity 225ms cubic-bezier(0.4, 0, 0.2, 1) 0ms;"
                    >
                      <td
                        colspan="1"
                      >
                        <span
                          class="MuiCircularProgress-root MuiCircularProgress-indeterminate MuiCircularProgress-colorPrimary css-18lrjg1-MuiCircularProgress-root"
                          id="table-loading-indicator"
                          role="progressbar"
                          style="width: 40px; height: 40px;"
                        >
                          <svg
                            class="MuiCircularProgress-svg css-1idz92c-MuiCircularProgress-svg"
                            viewBox="22 22 44 44"
                          >
                            <circle
                              class="MuiCircularProgress-circle MuiCircularProgress-circleIndeterminate css-176wh8e-MuiCircularProgress-circle"
                              cx="44"
                              cy="44"
                              fill="none"
                              r="20.2"
                              stroke-width="3.6"
                            />
                          </svg>
                        </span>
                      </td>
                    </tr>
                  </tbody>
                </table>
              </div>
              <div
                class="MuiTablePagination-root css-jtlhu6-MuiTablePagination-root"
              >
                <div
                  class="MuiToolbar-root MuiToolbar-gutters MuiToolbar-regular MuiTablePagination-toolbar css-78c6dr-MuiToolbar-root-MuiTablePagination-toolbar"
                >
                  <div
                    class="MuiTablePagination-spacer css-1psng7p-MuiTablePagination-spacer"
                  />
                  <p
                    class="MuiTablePagination-selectLabel css-pdct74-MuiTablePagination-selectLabel"
                    id=":rd:"
                  >
                    Rows per page:
                  </p>
                  <div
                    class="MuiInputBase-root MuiInputBase-colorPrimary MuiTablePagination-input css-16c50h-MuiInputBase-root-MuiTablePagination-select"
                  >
                    <div
                      aria-controls=":re:"
                      aria-expanded="false"
                      aria-haspopup="listbox"
                      aria-labelledby=":rd: :rc:"
                      class="MuiSelect-select MuiTablePagination-select MuiSelect-standard MuiInputBase-input css-194a1fa-MuiSelect-select-MuiInputBase-input"
                      id=":rc:"
                      role="combobox"
                      tabindex="0"
                    >
                      25
                    </div>
                    <input
                      aria-hidden="true"
                      aria-invalid="false"
                      class="MuiSelect-nativeInput css-yf8vq0-MuiSelect-nativeInput"
                      tabindex="-1"
                      value="25"
                    />
                    <svg
                      aria-hidden="true"
                      class="MuiSvgIcon-root MuiSvgIcon-fontSizeMedium MuiSelect-icon MuiTablePagination-selectIcon MuiSelect-iconStandard css-pqjvzy-MuiSvgIcon-root-MuiSelect-icon"
                      data-testid="ArrowDropDownIcon"
                      focusable="false"
                      viewBox="0 0 24 24"
                    >
                      <path
                        d="M7 10l5 5 5-5z"
                      />
                    </svg>
                  </div>
                  <p
                    class="MuiTablePagination-displayedRows css-levciy-MuiTablePagination-displayedRows"
                  >
                    0–0 of 0
                  </p>
                  <div
                    class="MuiTablePagination-actions"
                  >
                    <button
                      aria-label="Go to previous page"
                      class="MuiButtonBase-root Mui-disabled MuiIconButton-root Mui-disabled MuiIconButton-colorInherit MuiIconButton-sizeMedium css-zylse7-MuiButtonBase-root-MuiIconButton-root"
                      disabled=""
                      tabindex="-1"
                      title="Go to previous page"
                      type="button"
                    >
                      <svg
                        aria-hidden="true"
                        class="MuiSvgIcon-root MuiSvgIcon-fontSizeMedium css-i4bv87-MuiSvgIcon-root"
                        data-testid="KeyboardArrowLeftIcon"
                        focusable="false"
                        viewBox="0 0 24 24"
                      >
                        <path
                          d="M15.41 16.09l-4.58-4.59 4.58-4.59L14 5.5l-6 6 6 6z"
                        />
                      </svg>
                    </button>
                    <button
                      aria-label="Go to next page"
                      class="MuiButtonBase-root Mui-disabled MuiIconButton-root Mui-disabled MuiIconButton-colorInherit MuiIconButton-sizeMedium css-zylse7-MuiButtonBase-root-MuiIconButton-root"
                      disabled=""
                      tabindex="-1"
                      title="Go to next page"
                      type="button"
                    >
                      <svg
                        aria-hidden="true"
                        class="MuiSvgIcon-root MuiSvgIcon-fontSizeMedium css-i4bv87-MuiSvgIcon-root"
                        data-testid="KeyboardArrowRightIcon"
                        focusable="false"
                        viewBox="0 0 24 24"
                      >
                        <path
                          d="M8.59 16.34l4.58-4.59-4.58-4.59L10 5.75l6 6-6 6z"
                        />
                      </svg>
                    </button>
                  </div>
                </div>
              </div>
            </div>
          </div>
        </div>
      </div>
      <div
        aria-labelledby="Plots-tab"
        hidden=""
        id="Plots-tabpanel"
        role="tabpanel"
      />
    </div>
  </div>
</DocumentFragment>
`;
