// Jest Snapshot v1, https://goo.gl/fbAQLP

exports[`Open Windows component renders windows for each open plot 1`] = `
<DocumentFragment>
  <mock-plotwindow
    data-testid="mock-plotWindow"
  >
    plotConfig={
  "open": true,
  "title": "Plot 0",
  "plotType": "scatter",
  "XAxis": "timestamp",
  "XAxisScale": "time",
  "selectedPlotChannels": [],
  "leftYAxisScale": "linear",
  "rightYAxisScale": "logarithmic",
  "gridVisible": true,
  "axesLabelsVisible": false,
  "selectedColours": [],
  "remainingColours": [
    "#008000",
    "#0000ff",
    "#ff00ff",
    "#00ffff",
    "#008080",
    "#800000",
    "#00ff00",
    "#000080",
    "#7f8000",
    "#80007f"
  ],
  "outerWidth": 600,
  "outerHeight": 400,
  "screenX": 200,
  "screenY": 200
}
onClose=undefined

  </mock-plotwindow>
  <mock-plotwindow
    data-testid="mock-plotWindow"
  >
    plotConfig={
  "open": true,
  "title": "Plot 2",
  "plotType": "scatter",
  "XAxisScale": "logarithmic",
  "selectedPlotChannels": [],
  "leftYAxisScale": "linear",
  "rightYAxisScale": "logarithmic",
  "gridVisible": true,
  "axesLabelsVisible": false,
  "selectedColours": [],
  "remainingColours": [
    "#008000",
    "#0000ff",
    "#ff00ff",
    "#00ffff",
    "#008080",
    "#800000",
    "#00ff00",
    "#000080",
    "#7f8000",
    "#80007f"
  ],
  "outerWidth": 600,
  "outerHeight": 400,
  "screenX": 200,
  "screenY": 200
}
onClose=undefined

  </mock-plotwindow>
</DocumentFragment>
`;
